****************************************************
****************Session log started*****************
****************************************************
Session start time: 21:21:57
Session start date: 07.06.2026
Session start seed: 2227903446
****************************************************
/home/faculty/bnaskrecki/magma/logs/session_log_2026_06_07_2227903446.txt
****************************************************
IGUSA_CLEBSCH [ 6652, 7299, 13559, 5703 ]
INITIAL_L_POLYNOMIAL 481495249*t^4 + 416917*t^3 - 25984*t^2 + 19*t + 1
TWIST_SELECTED false
QUOTIENT_CURVE Hyperelliptic Curve defined by y^2 = 7036*x^6 + 9761*x^5
    + 17544*x^4 + 6384*x^3 + 20690*x^2 + 11330*x + 14637 over GF(21943)
QUOTIENT_G2_INVARIANTS [ 10058, 1654, 18404 ]
QUOTIENT_L_POLYNOMIAL 481495249*t^4 + 416917*t^3 - 25984*t^2 + 19*t + 1
QUOTIENT_WEIL_POLYNOMIAL t^4 + 19*t^3 - 25984*t^2 + 416917*t + 481495249
FIXED_BASE_FIELD_CURVE Hyperelliptic Curve defined by y^2 = 7036*x^6 + 9761*x^5
    + 17544*x^4 + 6384*x^3 + 20690*x^2 + 11330*x + 14637 over GF(21943)
B021_DEGREE23_CURVE_RECONSTRUCTED
real 1,069
