Magma V2.28-3     Sun Jun  7 2026 23:02:28 on lts-faculty [Seed = 577611744]
Type ? for help.  Type <Ctrl>-D to quit.

Loading startup file "/home/faculty/bnaskrecki/magma/config/magma_config.txt"

****************************************************
****************Session log started*****************
****************************************************
Session start time: 23:02:28
Session start date: 07.06.2026
Session start seed: 577611744
****************************************************
/home/faculty/bnaskrecki/magma/logs/session_log_2026_06_07_577611744.txt
****************************************************
Loading file "/tmp/verify_degree29_maps.m"
B024_DEGREE29_MAPS_MAGMA_VERIFIED
degree_1 29
degree_2 29
j_1 2032
j_2 30870
eigenform_1 6163*x + 4780
eigenform_2 6842*x + 33410

Total time: 0.170 seconds, Total memory usage: 32.09MB
