Magma V2.28-3     Sun Jun  7 2026 00:45:26 on lts-faculty [Seed = 2261276801]
Type ? for help.  Type <Ctrl>-D to quit.

Loading startup file "/home/faculty/bnaskrecki/magma/config/magma_config.txt"

****************************************************
****************Session log started*****************
****************************************************
Session start time: 00:45:26
Session start date: 07.06.2026
Session start seed: 2261276801
****************************************************
/home/faculty/bnaskrecki/magma/logs/session_log_2026_06_07_2261276801.txt
****************************************************
Loading file "computations/magma/verify_generic_quartic.m"
SPECIALIZATION_VERIFIED -8 16
fiber_discriminant -8642520959461809446715392
complement_j -4096/11
SPECIALIZATION_VERIFIED 1 1
fiber_discriminant -805641912320000
complement_j -1024/35
SPECIALIZATION_VERIFIED 2 3
fiber_discriminant -42920609994881630208
complement_j -65536/2763
C008_C011_MAGMA_VERIFIED

Total time: 0.070 seconds, Total memory usage: 32.09MB
