****************************************************
****************Session log started*****************
****************************************************
Session start time: 01:07:57
Session start date: 07.06.2026
Session start seed: 2067115708
****************************************************
/home/faculty/bnaskrecki/magma/logs/session_log_2026_06_07_2067115708.txt
****************************************************
--------------------
We start with the degree 5 cover corresponding to the point a =  7 , b = 1 in 
the moduli space provided by Shaska
--------------------
The elliptic curve X is defined by: t^3 + 1/289*(39*z - 572)*t^2 + 1/289*(-39*z 
    + 283)*t
with j-invariat 8077950976/2255067
--------------------
The genus 2 curve Y is defined by t^5 + 1/289*(8197*z - 25238)*t^4 + 
    1/289*(168378*z + 518427)*t^3 + 1/289*(-177639*z - 496465)*t^2 + 
    1/289*(1064*z + 2987)*t
--------------------
The map pi has adjusting factor: (t^5 + (z + 16)*t^4 + (18*z - 3075)*t^3 + 
    (-3039*z + 5438)*t^2 + (-640*z + 1295)*t + (15*z - 30))/(t^6 + 13*t^5 + 
    848/15*t^4 + 11219/135*t^3 + 848/225*t^2 + 13/225*t + 1/3375)
--------------------
--------------------
The complementary curve is given by the following 4 equations
    in the 4 symmetric variables X=x1+x2, Y=x1*x2, Z=y1+y2, W=y1*y2:
[
    1/225*XX^4 + 26/45*XX^3*YY + 26/45*XX^3 + 851/45*XX^2*YY^2 - 
        33728/225*XX^2*YY + 851/45*XX^2 + 26/3*XX*YY^3 + 22828/45*XX*YY^2 + 
        22828/45*XX*YY + 26/3*XX + YY^4 - 141626/45*YY^3 + 14336251/225*YY^2 - 
        141626/45*YY + 1,
    1/289*(-1064*z - 2987)*XX^4*YY + 1/289*(177639*z + 496465)*XX^3*YY^2 + 
        1/83521*(11090401*z + 31777866)*XX^3*YY + 1/289*(-168378*z - 
        518427)*XX^2*YY^3 + 1/83521*(-1868606376*z - 5245796283)*XX^2*YY^2 + 
        1/83521*(-875397222*z - 2444312409)*XX^2*YY + 1/289*(-8197*z + 
        25238)*XX*YY^4 + 1/83521*(1226159298*z + 5752653141)*XX*YY^3 + 
        1/83521*(145742866878*z + 406838024667)*XX*YY^2 + 1/83521*(869838557*z +
        2427980435)*XX*YY - YY^5 + 1/83521*(578265065*z - 673259883)*YY^4 + 
        1/4913*(-8381952600*z - 23530913925)*YY^3 + 1/83521*(-143076683505*z - 
        399366943012)*YY^2 + 1/83521*(-5224240*z - 14582649)*YY + WW^2,
    -XX^5 + 1/289*(-8197*z + 25238)*XX^4 + 5*XX^3*YY + 1/289*(-168378*z - 
        518427)*XX^3 + 1/289*(32788*z - 100952)*XX^2*YY + 1/289*(177639*z + 
        496465)*XX^2 - 5*XX*YY^2 + 1/289*(505134*z + 1555281)*XX*YY + 
        1/289*(-1064*z - 2987)*XX + 1/289*(-16394*z + 50476)*YY^2 + 
        1/289*(-355278*z - 992930)*YY + ZZ^2 - 2*WW,
    XX^9*ZZ + 195*XX^8*YY*ZZ + 1/289*(8486*z - 20614)*XX^8*ZZ + 
        12720*XX^7*YY^2*ZZ + 1/289*(1654770*z - 4022042)*XX^7*YY*ZZ + 
        1/289*(271297*z - 733071)*XX^7*ZZ + 280475*XX^6*YY^3*ZZ + 
        1/289*(107941920*z - 262604565)*XX^6*YY^2*ZZ + 1/289*(52843513*z - 
        142804547)*XX^6*YY*ZZ + 1/289*(-23819418*z + 88556419)*XX^6*ZZ + 
        190800*XX^5*YY^4*ZZ + 1/289*(2380110850*z - 5803768130)*XX^5*YY^3*ZZ + 
        1/289*(3440969220*z - 9300538671)*XX^5*YY^2*ZZ + 1/289*(-4646414292*z + 
        17272900131)*XX^5*YY*ZZ + (50625*z - 101250)*XX^5*ZZ*WW + 
        1/289*(-368622163*z - 1849261057)*XX^5*ZZ + 43875*XX^4*YY^5*ZZ + 
        1/289*(1619128800*z - 4338437575)*XX^4*YY^4*ZZ + 1/289*(75552316475*z - 
        204296193000)*XX^4*YY^3*ZZ + 1/289*(-303247384245*z + 
        1127152084695)*XX^4*YY^2*ZZ + (-2160000*z + 4370625)*XX^4*YY*ZZ*WW + 
        1/289*(-71751846570*z - 361015579460)*XX^4*YY*ZZ + (658125*z - 
        1316251)*XX^4*ZZ*WW + 1/289*(424378507*z + 1712475513)*XX^4*ZZ + 
        3375*XX^3*YY^6*ZZ + 1/289*(372323250*z - 1125004050)*XX^3*YY^5*ZZ + 
        1/289*(42243024200*z - 116706339400)*XX^3*YY^4*ZZ + 
        1/289*(-6694538307210*z + 24875120068425)*XX^3*YY^3*ZZ + (-10256625*z + 
        18353250)*XX^3*YY^2*ZZ*WW + 1/289*(-4672634101850*z - 
        23598548048820)*XX^3*YY^2*ZZ + (-28282500*z + 57222930)*XX^3*YY*ZZ*WW + 
        1/289*(84363213142*z + 341760183013)*XX^3*YY*ZZ + (2861999*z - 
        5724016)*XX^3*ZZ*WW + 1/289*(-7055139*z + 124283950)*XX^3*ZZ + 
        1/289*(28640250*z - 107611875)*XX^2*YY^6*ZZ + 1/289*(7045769475*z - 
        19877692875)*XX^2*YY^5*ZZ + 1/289*(-4772373381105*z + 
        17511815187345)*XX^2*YY^4*ZZ + (60750*z - 10378125)*XX^2*YY^3*ZZ*WW + 
        1/289*(-102392782875790*z - 521790690117670)*XX^2*YY^3*ZZ + 
        (-126856125*z + 225467655)*XX^2*YY^2*ZZ*WW + 1/289*(5583117906012*z + 
        22775679394719)*XX^2*YY^2*ZZ + (-124086570*z + 251031633)*XX^2*YY*ZZ*WW 
        + 1/289*(-2062177626*z + 20969691711)*XX^2*YY*ZZ + (4207107*z - 
        8411175)*XX^2*ZZ*WW + 1/289*(-25852435*z - 77326009)*XX^2*ZZ - 
        6750*XX*YY^7*ZZ + 1/289*(170980875*z - 499812525)*XX*YY^6*ZZ + 
        1/289*(-1141463567400*z + 4147792937955)*XX*YY^5*ZZ + (3375*z + 
        54000)*XX*YY^4*ZZ*WW + 1/289*(-56937449004735*z - 
        402962149153895)*XX*YY^4*ZZ + (21303000*z - 171902600)*XX*YY^3*ZZ*WW + 
        1/289*(129530333813452*z + 530809990013529)*XX*YY^3*ZZ + (-523542045*z +
        923427270)*XX*YY^2*ZZ*WW + 1/289*(-389028435549*z + 
        518456171259)*XX*YY^2*ZZ + (-185231508*z + 375262782)*XX*YY*ZZ*WW + 
        1/289*(-4164653922*z - 12575679905)*XX*YY*ZZ + (193839*z - 
        387038)*XX*ZZ*WW + 1/17*(40820*z + 119670)*XX*ZZ + 1/289*(-28640250*z + 
        82252125)*YY^7*ZZ + 1/289*(-90674562825*z + 327027195775)*YY^6*ZZ + 
        3375*YY^5*ZZ*WW + 1/289*(-12984845824195*z - 104017844299740)*YY^5*ZZ + 
        (-16875*z + 10889325)*YY^4*ZZ*WW + 1/289*(184279976667136*z + 
        840824469833761)*YY^4*ZZ + (134330050*z - 825406505)*YY^3*ZZ*WW + 
        1/289*(-2485640628807*z + 27558252375556)*YY^3*ZZ + (-729822165*z + 
        1315937919)*YY^2*ZZ*WW + 1/289*(-522262374088*z - 1578577012467)*YY^2*ZZ
        + (-11755302*z + 23823165)*YY*ZZ*WW + 1/17*(11781455*z + 35224427)*YY*ZZ
        + (3565*z - 7145)*ZZ*WW + 1/289*(-3075*z - 9810)*ZZ
]
--------------------
Time: 1.040
Time: 0.200
The second equation is linear in W, we use it to remove the varibale W,
    we get 3 equations in 3 variables X, Y, Z.

The firts equation defines a SINGULAR genus 0 curve:
1/225*X^4 + 26/45*X^3*Y + 26/45*X^3 + 851/45*X^2*Y^2 - 33728/225*X^2*Y + 
    851/45*X^2 + 26/3*X*Y^3 + 22828/45*X*Y^2 + 22828/45*X*Y + 26/3*X + Y^4 - 
    141626/45*Y^3 + 14336251/225*Y^2 - 141626/45*Y + 1
--------------------
Time: 0.000
Time: 0.130
Time: 0.130
We find a rational non-singular point over a small field extension,
        and use it to determine a parametrisation of the P1 component.

    We substitute the parametrisation in the remaining two equations,
        each of which defines a REDUCIBLE cover of the base P1.

    These  twocovers have exactly one component in common,
        which is the degree 2 cover defined by the following equation:
X^20*Z^2 + 1/747945903690390897999902047324727908948422940356758310314462297248\
    9656971265096765488633345864203458687343923*(892239081913611780538674688546\
    065530722741187704907771110356916021775809818637837950943732507467021948673\
    6050325784051179560*z + 249049610639032025945037623378975859940187107738096\
    80748055731720780614504639134771489170017843323983646939424914286572381020)\
    *X^20 + 1/25277644817*(13832620273350*z + 24563461551650)*X^19*Z^2 + 
    1/7479459036903908979999020473247279089484229403567583103144622972489656971\
    265096765488633345864203458687343923*(1171814882129020224530693950505557874\
    664562152778599498185928508694897890857857192086345388522017676738107262922\
    6967882694515200*z + 327087263998053370624094211545593405865332459630460743\
    98458748515566968690143496315524122405411033515253090312879113870109519900)\
    *X^19 + 1/638959327494406963489*(249082066437278198570737875*z + 
    702520876634643258845302150)*X^18*Z^2 + 
    1/7479459036903908979999020473247279089484229403567583103144622972489656971\
    265096765488633345864203458687343923*(7307134485602663304975938245192774718\
    006668248767304811178644536605646265703742675175136623065412903635782267468\
    905675309114101750*z + 2039631568954679869919757007524913949568998813760670\
    079077751270719173071521955375114207089720825495452049829901707829105156502\
    6075)*X^18 + 1/16151386932912801777126429086513*(35081511595352132758454696\
    88176609863500*z + 10490463947786325293282848155584775102750)*X^17*Z^2 + 
    1/2493153012301302993333006824415759696494743134522527701048207657496552323\
    755032255162877781954734486229114641*(9588658167363560540899546293605880444\
    680175144485748810791881402737550629691384081226572289790961602285482929634\
    15046999554581218150*z + 26764705016173381601323728087277636729076081196251\
    025719894400753544332796280204098394090759820647571097626871540099317741466\
    53085450)*X^17 + 1/408269022192104810554528269352413379053121*(380333390005\
    57238188449009375066710698420235633165625*z + 
    104179187646143672521223659354537919990701528173493875)*X^16*Z^2 + 
    1/2493153012301302993333006824415759696494743134522527701048207657496552323\
    755032255162877781954734486229114641*(2672657822511196139634286734265410063\
    961292864389862944535104029007047684633362556531888919956222976423381384761\
    42718060798397338085625*z + 74601573005156528906042524242091731829073338386\
    934612512640418076173494645628711338890342355358329307942090820701610317652\
    2378596402375)*X^16 + 1/103200793327559161428344384036760119974635804133238\
    57*(292250326144244533436474805868770728530463964304204481952169147500*z + 
    799741231494277909843084364778814061772432048993496478265229815000)*X^15*Z^\
    2 + 1/249315301230130299333300682441575969649474313452252770104820765749655\
    2323755032255162877781954734486229114641*(560667573154455207339457719040505\
    277651395320053616620634281038344067747008214994364080170262528364602175638\
    76411392023466284269916958750*z + 15649845834183780514335647428413807787367\
    070116424783194729860337464963322617482459246533951800699428170343607520941\
    6843178969141352015250)*X^15 + 1/260867299856666402014005573603786698414915\
    090581118511638499169*(1706520987054557026905052370868092631456722425945062\
    475004995305570831140775000*z + 4825249412118917225344636244159193751654797\
    210679919221538099208302764823786250)*X^14*Z^2 + 
    1/2493153012301302993333006824415759696494743134522527701048207657496552323\
    755032255162877781954734486229114641*(9184864620391036780294560272703126782\
    633270198933358043833484829504279711799688858302995272798325780494107721998\
    203277756909291456686488125*z + 2563760097745749925226105638373754150139444\
    165204980203120049580396985531121056744872330885387142027304387282584968026\
    8929820709608201037500)*X^14 + 1/659411095014664831976736634901487084876132\
    0554922895863781662696931657073*(808681176936712376087405391736814990087763\
    0423939831475096016576270539974462999239561662500*z + 
    228027565393023109276369261275135073399962408117154364203614031321543159288\
    10173183697962500)*X^13*Z^2 + 1/2493153012301302993333006824415759696494743\
    134522527701048207657496552323755032255162877781954734486229114641*(1203219\
    959227968318505210890954807291427363130425223620418598504596978796549717264\
    471389226025780048859088383158632790541742013214221508197500*z + 
    335853325930882338009985733303253947957210217898479051876861263201054400980\
    9531097686437493560837607137134986337521640345449004577897642943750)*X^13 + 
    1/1666835944816973702900893266379159631661159853952223024657512840907367432\
    14539840641*(31266990176208667128010671079975382954294397824188668095855993\
    900701080753564097113441814114516032140625*z + 
    862712907311566347177024643174902873417993911892016114816049118529296576055\
    85260284730254794532698943750)*X^12*Z^2 + 
    1/2493153012301302993333006824415759696494743134522527701048207657496552323\
    755032255162877781954734486229114641*(1280133939408320812212279210233602773\
    894334749143301425455081476462279266262645827377361161711362298593130701307\
    68110869089007456197157536225000*z + 35732224299587306069190160819833749338\
    083501918267642028502134994951691103327529528492585360096697281693564811713\
    1110913654362721111780882443750)*X^12 + 
    1/4213368698129207333475806253955936482007534648246388730486204266307306194\
    828472921818979607697*(9701114556987592250822995666219870472107810240415283\
    1634158595893438641518937573326301412574035911373530134983500000*z + 
    268388962344350029925452499693499391470780931399775256327023640164184125577\
    242285175061122894272515107194169991343750)*X^11*Z^2 + 
    1/7479459036903908979999020473247279089484229403567583103144622972489656971\
    265096765488633345864203458687343923*(3351097978358711160014654960636868601\
    198825896134355786793783744444384322970052270866315683747835372692225763568\
    2322608003448782174425126677031250*z + 
    935387547368136840227124176113430462673255353188992586802293687178281801478\
    01147155149797249560970262860881776529100832072648278196254121968025000)*X^\
    11 + 1/10650403743437579534935310455020546356079897195619324623214181116222\
    6166164937940756242376092730765356449*(243335667990233133059211219047781561\
    727578280481419438782450434649856472762736726947523853317741071751619404952\
    574379744725859375*z + 6893789700809046157266922192196116089694579826696555\
    203916520156066038789345721500041964473043609346378334002719662335595120656\
    25)*X^10*Z^2 + 1/7479459036903908979999020473247279089484229403567583103144\
    622972489656971265096765488633345864203458687343923*(2411377705390396693815\
    188984858337870179551066754593158839402879756987092978756732119101963372217\
    111792581281083807886678388365636832816022209437500*z + 
    673086274764316917732373587276783585811640712140452600962462777736945183848\
    9688839012895557818711541594074894087178978726529232717463373845923546875)*\
    X^10 + 1/106504037434375795349353104550205463560798971956193246232141811162\
    226166164937940756242376092730765356449*(2011113029903420462414815973175398\
    843204574084271295072318766960626696281912802028899836621548279547140783486\
    6174231121135444218750*z + 569091625787980257988381706615872075114215472049\
    996390380279658821999580983683888782132296924400496420578281303621281709287\
    55000000)*X^9*Z^2 + 1/74794590369039089799990204732472790894842294035675831\
    03144622972489656971265096765488633345864203458687343923*(14334262390492449\
    305192268533195326416376648666602933408513114224471687344575081891335033523\
    2103326493068692919249766116692464556996266131906028281250*z + 
    400107709673737619486689070742811752179052010904303653247986854513484009156\
    387963137061667767242968413559978439669258964599290059210804543811028906250\
    )*X^9 + 1/10650403743437579534935310455020546356079897195619324623214181116\
    2226166164937940756242376092730765356449*(139435455670560200945840831176893\
    252404006239350929705800990670272749217820700631092590564362644074954819314\
    4130475135446976350000000*z + 378759360910329480996515523929438156032576140\
    770680728964326496734095554521615649816424328519544876189550130382055951303\
    7054327890625)*X^8*Z^2 + 1/249315301230130299333300682441575969649474313452\
    2527701048207657496552323755032255162877781954734486229114641*(234219446594\
    599490775978685943262979973804899543313660567060112185280529362535789691866\
    4591767390237463886553095691553126549322834737733454382487890625*z + 
    653786782173091215063823381859309283857939278490861578174752460203053385317\
    099779877869673724266274827574822861390184901198208725994834954956775992187\
    5)*X^8 + 1/1065040374343757953493531045502054635607989719561932462321418111\
    62226166164937940756242376092730765356449*(77236453111946432509751941302654\
    583037269300448953329988838527292610831155042998265704873929438071810246482\
    470229155393114686010937500*z + 2078652925452209839028963356507517637833421\
    553080070631961812215777084398816358573890060284899882810207320915954522733\
    56622087457812500)*X^7*Z^2 + 1/24931530123013029933330068244157596964947431\
    34522527701048207657496552323755032255162877781954734486229114641*(94171347\
    952218346518249095869956581290734793454194789225266696468787907665786309843\
    084015548469982573161545849906007030212810596187094240490770728281250*z + 
    262844319854992153436049186034807658652660498877672110007314038913021090108\
    422735959500252104693444200050336372020911368224402353896845739153705580156\
    250)*X^7 + 1/10650403743437579534935310455020546356079897195619324623214181\
    1162226166164937940756242376092730765356449*(321045887889794286253243656401\
    324224527700467070295927185038160563885244339110678847551164596503714016640\
    5459130512556807483359628906250*z + 963098642422286562002334102599246940888\
    124966194656756425957976989114616606789063591148757322170564741879409433849\
    9308301735466401562500)*X^6*Z^2 + 1/249315301230130299333300682441575969649\
    4743134522527701048207657496552323755032255162877781954734486229114641*(307\
    436919878659855362016957681525452968302438862511675763791397843547125421932\
    105907064606156612948498324105290812165596551845200593596076003772311132812\
    5*z + 858341840312182996565827955342496090097101177677835348524271334170810\
    788422196457125873508340328807596547978136847336337958287545409715261201129\
    6132031250)*X^6 + 1/1065040374343757953493531045502054635607989719561932462\
    32141811162226166164937940756242376092730765356449*(10623422932292646413327\
    488152790953231030515395337885152958635945610690898697395990437768804574876\
    1442910290000890985427221081791921875000*z + 
    352450565178686414627798777795791966175307087992820094804144091133910062002\
    529128077248967172056148811239211500337094767910750091789062500)*X^5*Z^2 + 
    1/2493153012301302993333006824415759696494743134522527701048207657496552323\
    755032255162877781954734486229114641*(8034016123611555698771244743661358812\
    536710918258210912352419519406916147139201544195773328981855653227677796616\
    6694013518251606336257614904624622734375000*z + 
    223999286320816888080242996787467505321683129792267235981589327205683284270\
    237589403697345181930740350420455048254494793759277842985291493129550233357\
    031250)*X^5 + 1/10650403743437579534935310455020546356079897195619324623214\
    1811162226166164937940756242376092730765356449*(372886188818598743720478271\
    078918546878318278532327693545142947212270328425820415371933281212744945715\
    3644539451566749426267328100205078125*z + 
    817486433626740302713106770978574219236996699780873469081047446897307336022\
    0889652525921242376917523457729425682474545415184443030255859375)*X^4*Z^2 + 
    1/2493153012301302993333006824415759696494743134522527701048207657496552323\
    755032255162877781954734486229114641*(1631742734375169308330969724910699694\
    415316172982011600764793511661869510053587264070129116075993330144377702183\
    756382955499966035707145951082188581839843750*z + 
    457886821866065779892644334665236479026414186918349794125802779551266283406\
    595166479493025252826925624497180781822314366359889890827079160815996180355\
    4687500)*X^4 + 1/1065040374343757953493531045502054635607989719561932462321\
    41811162226166164937940756242376092730765356449*(12168441643171259545551092\
    364168744755584299015748085832040790307493385714894401714080699299186892785\
    5894083705190681555663695507599238281250*z + 
    859702340124464183934468478056898081681487110936246830491797189642199338349\
    27864867015491273086029674597377822071207768843539879662773437500)*X^3*Z^2 +
    1/2493153012301302993333006824415759696494743134522527701048207657496552323\
    755032255162877781954734486229114641*(2545458452312260023979314962487271050\
    676958946701541049493259073286545355151220180717054148948512023521818929036\
    9608516737698157011059581111618422732503906250*z + 
    695263120695791098145951077597399377116131430458305664102001590571499848003\
    241642679981862479012931304980739836611884473556205609176632265870614285586\
    71875000)*X^3 + 1/106504037434375795349353104550205463560798971956193246232\
    141811162226166164937940756242376092730765356449*(7689068557976634974527230\
    105226831281405460940261871012441931716451161402659252855150470903864573123\
    74667325748435180011982682993050585937500*z + 
    299725024666219709274234042063176635368594580163052317215039547960958119571\
    8977362180456273097947842733595586213825993152079873101151669921875)*X^2*Z^\
    2 + 1/747945903690390897999902047324727908948422940356758310314462297248965\
    6971265096765488633345864203458687343923*(779935230231314705591958618703337\
    326670766259513694672579089198603138240382095293781881192710155649709145512\
    265809553978954711612827390094825483929681562500000*z + 
    235549948246785091136117406977679487496730610690261971884368572305550469396\
    875779666719115408649100895828644808229303585872163725262730808780945495253\
    6250000000)*X^2 + 1/1065040374343757953493531045502054635607989719561932462\
    32141811162226166164937940756242376092730765356449*(-1072678180768083235864\
    670740015587209826713950298848249419927964595583062861199552323704373922512\
    91729624102271827707731594673566894063183593750*z + 
    231641964728807275372708143109793002841896315560021778687947835222842991757\
    795012098109849741839451477174826249908882716484987938567357128906250)*X*Z^\
    2 + 1/747945903690390897999902047324727908948422940356758310314462297248965\
    6971265096765488633345864203458687343923*(646991913841702675317828590106221\
    006181927561168657617875953419870890911639368185241040855841605570337303340\
    6030717050471143317409038038606433036876521875000000*z + 
    141512463727322169281035040653392828641991281099893295587679403248618527096\
    645600539073231708848453893514582308317325361782342689838059042712601265393\
    10312500000)*X + 1/10650403743437579534935310455020546356079897195619324623\
    2141811162226166164937940756242376092730765356449*(-26243395393478126134186\
    001425629918918409903304888903524699712298063469477343741473748378492187450\
    30381083348407100430618283829277397251708984375*z + 
    486918135212915616704603611767967089366417800710020350206347338542059073174\
    5187522137358999528751486076900308896355219402252857687313706308593750)*Z^2 
    + 1/74794590369039089799990204732472790894842294035675831031446229724896569\
    71265096765488633345864203458687343923*(10280926081410569155875075454481542\
    080881719282989863297690878608110121790455474141325409954235744380255366989\
    715281651031661375055268004955383556444687500000000*z + 
    654176113285809590910384994070138723778937306032362839043196517070222901981\
    722934183741952214782128795124330812346364930817144959464106430929664029393\
    50000000000)
--------------------
After resolving singularities, we get the Weierstrass equation
x^4 + 1/3019607519998347796601657*(-450847182871998734109092640*z + 
    1635998166815521612948442110)*x^3 + 1/3019607519998347796601657*(1951444659\
    616688036098025618400*z - 3410732847646099843639303245270)*x^2 + 
    1/3019607519998347796601657*(305153586577594415958675155038080*z - 
    542773338911904160387042451824490)*x + 
    1/3019607519998347796601657*(31247112187182669776137167169345200*z - 
    55907624761849656368740390262581600)
with the following rational jInvariant: -250888806400/56807829
C030_BASE_FIELD_OK
--------------------
