--------------------
We start with the degree 5 cover corresponding to the point a =  7 , b = 1 in 
the moduli space provided by Shaska
--------------------
The elliptic curve X is defined by: t^3 + 1/289*(39*z - 572)*t^2 + 1/289*(-39*z 
    + 283)*t
with j-invariat 8077950976/2255067
--------------------
The genus 2 curve Y is defined by t^5 + 1/289*(8197*z - 25238)*t^4 + 
    1/289*(168378*z + 518427)*t^3 + 1/289*(-177639*z - 496465)*t^2 + 
    1/289*(1064*z + 2987)*t
--------------------
The map pi has adjusting factor: (t^5 + (z + 16)*t^4 + (18*z - 3075)*t^3 + 
    (-3039*z + 5438)*t^2 + (-640*z + 1295)*t + (15*z - 30))/(t^6 + 13*t^5 + 
    848/15*t^4 + 11219/135*t^3 + 848/225*t^2 + 13/225*t + 1/3375)
--------------------
--------------------
The complementary curve is given by the following 4 equations
    in the 4 symmetric variables X=x1+x2, Y=x1*x2, Z=y1+y2, W=y1*y2:
[
    1/225*XX^4 + 26/45*XX^3*YY + 26/45*XX^3 + 851/45*XX^2*YY^2 - 
        33728/225*XX^2*YY + 851/45*XX^2 + 26/3*XX*YY^3 + 22828/45*XX*YY^2 + 
        22828/45*XX*YY + 26/3*XX + YY^4 - 141626/45*YY^3 + 14336251/225*YY^2 - 
        141626/45*YY + 1,
    1/289*(-1064*z - 2987)*XX^4*YY + 1/289*(177639*z + 496465)*XX^3*YY^2 + 
        1/83521*(11090401*z + 31777866)*XX^3*YY + 1/289*(-168378*z - 
        518427)*XX^2*YY^3 + 1/83521*(-1868606376*z - 5245796283)*XX^2*YY^2 + 
        1/83521*(-875397222*z - 2444312409)*XX^2*YY + 1/289*(-8197*z + 
        25238)*XX*YY^4 + 1/83521*(1226159298*z + 5752653141)*XX*YY^3 + 
        1/83521*(145742866878*z + 406838024667)*XX*YY^2 + 1/83521*(869838557*z +
        2427980435)*XX*YY - YY^5 + 1/83521*(578265065*z - 673259883)*YY^4 + 
        1/4913*(-8381952600*z - 23530913925)*YY^3 + 1/83521*(-143076683505*z - 
        399366943012)*YY^2 + 1/83521*(-5224240*z - 14582649)*YY + WW^2,
    -XX^5 + 1/289*(-8197*z + 25238)*XX^4 + 5*XX^3*YY + 1/289*(-168378*z - 
        518427)*XX^3 + 1/289*(32788*z - 100952)*XX^2*YY + 1/289*(177639*z + 
        496465)*XX^2 - 5*XX*YY^2 + 1/289*(505134*z + 1555281)*XX*YY + 
        1/289*(-1064*z - 2987)*XX + 1/289*(-16394*z + 50476)*YY^2 + 
        1/289*(-355278*z - 992930)*YY + ZZ^2 - 2*WW,
    XX^9*ZZ + 195*XX^8*YY*ZZ + 1/289*(8486*z - 20614)*XX^8*ZZ + 
        12720*XX^7*YY^2*ZZ + 1/289*(1654770*z - 4022042)*XX^7*YY*ZZ + 
        1/289*(271297*z - 733071)*XX^7*ZZ + 280475*XX^6*YY^3*ZZ + 
        1/289*(107941920*z - 262604565)*XX^6*YY^2*ZZ + 1/289*(52843513*z - 
        142804547)*XX^6*YY*ZZ + 1/289*(-23819418*z + 88556419)*XX^6*ZZ + 
        190800*XX^5*YY^4*ZZ + 1/289*(2380110850*z - 5803768130)*XX^5*YY^3*ZZ + 
        1/289*(3440969220*z - 9300538671)*XX^5*YY^2*ZZ + 1/289*(-4646414292*z + 
        17272900131)*XX^5*YY*ZZ + (50625*z - 101250)*XX^5*ZZ*WW + 
        1/289*(-368622163*z - 1849261057)*XX^5*ZZ + 43875*XX^4*YY^5*ZZ + 
        1/289*(1619128800*z - 4338437575)*XX^4*YY^4*ZZ + 1/289*(75552316475*z - 
        204296193000)*XX^4*YY^3*ZZ + 1/289*(-303247384245*z + 
        1127152084695)*XX^4*YY^2*ZZ + (-2160000*z + 4370625)*XX^4*YY*ZZ*WW + 
        1/289*(-71751846570*z - 361015579460)*XX^4*YY*ZZ + (658125*z - 
        1316251)*XX^4*ZZ*WW + 1/289*(424378507*z + 1712475513)*XX^4*ZZ + 
        3375*XX^3*YY^6*ZZ + 1/289*(372323250*z - 1125004050)*XX^3*YY^5*ZZ + 
        1/289*(42243024200*z - 116706339400)*XX^3*YY^4*ZZ + 
        1/289*(-6694538307210*z + 24875120068425)*XX^3*YY^3*ZZ + (-10256625*z + 
        18353250)*XX^3*YY^2*ZZ*WW + 1/289*(-4672634101850*z - 
        23598548048820)*XX^3*YY^2*ZZ + (-28282500*z + 57222930)*XX^3*YY*ZZ*WW + 
        1/289*(84363213142*z + 341760183013)*XX^3*YY*ZZ + (2861999*z - 
        5724016)*XX^3*ZZ*WW + 1/289*(-7055139*z + 124283950)*XX^3*ZZ + 
        1/289*(28640250*z - 107611875)*XX^2*YY^6*ZZ + 1/289*(7045769475*z - 
        19877692875)*XX^2*YY^5*ZZ + 1/289*(-4772373381105*z + 
        17511815187345)*XX^2*YY^4*ZZ + (60750*z - 10378125)*XX^2*YY^3*ZZ*WW + 
        1/289*(-102392782875790*z - 521790690117670)*XX^2*YY^3*ZZ + 
        (-126856125*z + 225467655)*XX^2*YY^2*ZZ*WW + 1/289*(5583117906012*z + 
        22775679394719)*XX^2*YY^2*ZZ + (-124086570*z + 251031633)*XX^2*YY*ZZ*WW 
        + 1/289*(-2062177626*z + 20969691711)*XX^2*YY*ZZ + (4207107*z - 
        8411175)*XX^2*ZZ*WW + 1/289*(-25852435*z - 77326009)*XX^2*ZZ - 
        6750*XX*YY^7*ZZ + 1/289*(170980875*z - 499812525)*XX*YY^6*ZZ + 
        1/289*(-1141463567400*z + 4147792937955)*XX*YY^5*ZZ + (3375*z + 
        54000)*XX*YY^4*ZZ*WW + 1/289*(-56937449004735*z - 
        402962149153895)*XX*YY^4*ZZ + (21303000*z - 171902600)*XX*YY^3*ZZ*WW + 
        1/289*(129530333813452*z + 530809990013529)*XX*YY^3*ZZ + (-523542045*z +
        923427270)*XX*YY^2*ZZ*WW + 1/289*(-389028435549*z + 
        518456171259)*XX*YY^2*ZZ + (-185231508*z + 375262782)*XX*YY*ZZ*WW + 
        1/289*(-4164653922*z - 12575679905)*XX*YY*ZZ + (193839*z - 
        387038)*XX*ZZ*WW + 1/17*(40820*z + 119670)*XX*ZZ + 1/289*(-28640250*z + 
        82252125)*YY^7*ZZ + 1/289*(-90674562825*z + 327027195775)*YY^6*ZZ + 
        3375*YY^5*ZZ*WW + 1/289*(-12984845824195*z - 104017844299740)*YY^5*ZZ + 
        (-16875*z + 10889325)*YY^4*ZZ*WW + 1/289*(184279976667136*z + 
        840824469833761)*YY^4*ZZ + (134330050*z - 825406505)*YY^3*ZZ*WW + 
        1/289*(-2485640628807*z + 27558252375556)*YY^3*ZZ + (-729822165*z + 
        1315937919)*YY^2*ZZ*WW + 1/289*(-522262374088*z - 1578577012467)*YY^2*ZZ
        + (-11755302*z + 23823165)*YY*ZZ*WW + 1/17*(11781455*z + 35224427)*YY*ZZ
        + (3565*z - 7145)*ZZ*WW + 1/289*(-3075*z - 9810)*ZZ
]
--------------------
Time: 1.060
Time: 0.210
The second equation is linear in W, we use it to remove the varibale W,
    we get 3 equations in 3 variables X, Y, Z.

The firts equation defines a SINGULAR genus 0 curve:
1/225*X^4 + 26/45*X^3*Y + 26/45*X^3 + 851/45*X^2*Y^2 - 33728/225*X^2*Y + 
    851/45*X^2 + 26/3*X*Y^3 + 22828/45*X*Y^2 + 22828/45*X*Y + 26/3*X + Y^4 - 
    141626/45*Y^3 + 14336251/225*Y^2 - 141626/45*Y + 1
--------------------
Time: 0.000
Time: 0.000
Time: 0.000
Time: 0.150
Time: 0.110
We find a rational non-singular point over a small field extension,
        and use it to determine a parametrisation of the P1 component.

    We substitute the parametrisation in the remaining two equations,
        each of which defines a REDUCIBLE cover of the base P1.

    These  twocovers have exactly one component in common,
        which is the degree 2 cover defined by the following equation:
X^20*Z^2 + 1/10693*(-605695650*K.1^3 - 31941956424*K.1^2 - 42584212419*K.1 + 
    146421868635)*X^20 + 1/32634*(325*K.1^3 + 32175*K.1^2 + 44850*K.1 - 
    30218800)*X^19*Z^2 + 1/21386*(1680853221015*K.1^3 + 91227976419135*K.1^2 + 
    121988601687660*K.1 - 418435200900720)*X^19 + 1/10878*(-14275*K.1^3 - 
    1413225*K.1^2 - 1969950*K.1 + 2392991050)*X^18*Z^2 + 
    1/339524136*(-14996891206195147275*K.1^3 - 808084065818123876465*K.1^2 - 
    1075285340750990661590*K.1 + 3720155897546771862100)*X^18 + 
    1/881118*(-293201375*K.1^3 - 29026936125*K.1^2 - 40461789750*K.1 + 
    36280916313500)*X^17*Z^2 + 1/381964653*(5000899133420612991150*K.1^3 + 
    255288654212557085792225*K.1^2 + 351176593292421262474925*K.1 - 
    1127003095125811127870500)*X^17 + 1/7930062*(1292515947875*K.1^3 + 
    127959078839625*K.1^2 + 178367200806750*K.1 - 180398373701471000)*X^16*Z^2 +
    1/6875363754*(-14128668513757216970857375*K.1^3 - 
    579384944329263517689573650*K.1^2 - 626289535262681589090624275*K.1 + 
    3313688189011004196002801000)*X^16 + 1/11895093*(-21686339584375*K.1^3 - 
    2146947618853125*K.1^2 - 2992714862643750*K.1 + 
    2842756029885565000)*X^15*Z^2 + 1/3344771556*(285235054209953467985957625*K\
    .1^3 - 15657522471947695189310912125*K.1^2 - 
    82416140229163587231011044750*K.1 + 63969855894749831238122352500)*X^15 + 
    1/321167511*(-2300887944566151875*K.1^3 - 227787906512049035625*K.1^2 - 
    317522536350128958750*K.1 + 311068755830735882701250)*X^14*Z^2 + 
    1/2227617856296*(64109605136156258498352096924375*K.1^3 + 
    7222446764317117911600722026356625*K.1^2 - 
    18489491559433238254913111653592750*K.1 - 
    99677685619128039204758788661712500)*X^14 + 
    1/2890507599*(1282552421812428490625*K.1^3 + 126972689759430420571875*K.1^2 
    + 176992234210115131706250*K.1 - 171488954647681673479887500)*X^13*Z^2 + 
    1/358010012619*(-2308015565745858714515583162166250*K.1^3 - 
    184841236267957395627158372001964375*K.1^2 + 
    1952185192481917246881233337151728125*K.1 + 
    1738191498900546141598281431409493750)*X^13 + 
    1/8671522797*(1647007648949735092990625*K.1^3 + 
    163053757246023774206071875*K.1^2 + 227287055555063442832706250*K.1 - 
    221319307458736171396262721875)*X^12*Z^2 + 
    1/20048560706664*(30659482312131374869921909994269653125*K.1^3 + 
    3131157403419575361791225811184103806875*K.1^2 + 
    51599477837514272628201918088815736278750*K.1 + 
    43908544477130820137407475176431237737500)*X^12 + 
    1/1404786693114*(-20079275390903531190534734375*K.1^3 - 
    1987848263699449587862938703125*K.1^2 - 2770940003944687304293793343750*K.1 
    + 2692411082705451971085840167000000)*X^11*Z^2 + 
    1/4296120151428*(-1880684048176953532777002845818899390625*K.1^3 - 
    232123495217088429400690732777470567321875*K.1^2 - 
    6790886109510260567139672082639624355506250*K.1 - 
    3298741783651444101635344881424596776087500)*X^11 + 
    1/12643080238026*(-45266585498292306377328114953125*K.1^3 - 
    4481391964330938331355483380359375*K.1^2 - 
    6246788798764338280071279863531250*K.1 + 
    6075612518883411434295780681037543750)*X^10*Z^2 + 
    1/180437046359976*(3798317789855531204852477903402351718484375*K.1^3 + 
    485628024691556815962148651983115681165140625*K.1^2 + 
    15339911437692584928441395334281329374333531250*K.1 + 
    59522234113389986986846209409414319392431562500)*X^10 + 
    1/12643080238026*(2938031700595917742145667323359375*K.1^3 + 
    290865138358995856472421065012578125*K.1^2 + 
    405448374682236648416102090623593750*K.1 - 
    394173065119247542049166605301374687500)*X^9*Z^2 + 
    1/67663892384991*(1613293714625223488792989519358090761953062500*K.1^3 + 
    208373478607816572844101855590740044709246390625*K.1^2 + 
    6593320167172675971995109162444691770742953734375*K.1 - 
    9596844856156274643849661623539670857133577156250)*X^9 + 
    1/1404786693114*(70701984073461241228853543491328125*K.1^3 + 
    6999496423272662881656500805641484375*K.1^2 + 
    9756873802137651289581789001803281250*K.1 - 
    9487333773014179595422480689743077187500)*X^8*Z^2 + 
    1/541311139079928*(-3331715437343301560508994276532305118461728359375*K.1^3 
    - 429941966895600661654113767659984384676804312390625*K.1^2 - 
    13544761015933434962832870669877038567563191550906250*K.1 + 
    20452474097505410699012768512686012863171213775312500)*X^8 + 
    1/2107180039671*(-4010452360611062965769249644384375000*K.1^3 - 
    397034783700495233611155714794053125000*K.1^2 - 
    553442425764326689276156450925043750000*K.1 + 
    538108811228739875332478089900058762500000)*X^7*Z^2 + 
    1/2435900125859676*(1151569467990195781309974934456527494822000814765625*K.\
    1^3 + 145853939883034468799130401551358697904311722383671875*K.1^2 + 
    4320791290634961669996461155126092275420229550954531250*K.1 - 
    18794265342523670198721970771571530279146043914935937500)*X^7 + 
    1/2107180039671*(-1065025799043553218291961302714785937500*K.1^3 - 
    105437554105311768610904168968763807812500*K.1^2 - 
    146973560268010344124290659774640459375000*K.1 + 
    142906884399260058522267740610918143168750000)*X^6*Z^2 + 
    1/4871800251719352*(142078561339733668492716501721260359727964389454296875*\
    K.1^3 + 20330547123781101322577149309183862944340291931235078125*K.1^2 + 
    837071528434479044541225505573464767974661775101615156250*K.1 + 
    7573928967482229598178727177888120690366266783551792187500)*X^6 + 
    1/702393346557*(1424790503020389367646505300228593750000*K.1^3 + 
    141054259799018547397004024722630781250000*K.1^2 + 
    196621089416813732735217731431545937500000*K.1 - 
    191177284308570662770833435740545534625000000)*X^5*Z^2 + 
    1/608975031464919*(-4021350956385456341461999270735082420138807208805468750\
    *K.1^3 - 564839035350317571918668402257901491486812062020016015625*K.1^2 - 
    22317754811997147572904962111394484567797411469919511328125*K.1 - 
    169729651662190837472321189419816878060600154820566449218750)*X^5 + 
    1/2107180039671*(6619870248535626211688312214188426687500000*K.1^3 + 
    655367154605026994957142909204654242062500000*K.1^2 + 
    913542094297916417212987085558002882875000000*K.1 - 
    888257027151713916544375131507034972145500000000)*X^4*Z^2 + 
    1/131670277073496*(17855776426360359100488589566980635753101371389501953125\
    *K.1^3 + 3444004734556747412344534239597238366250414596979098046875*K.1^2 + 
    221277083072146420845950317114917958222194446192858971093750*K.1 + 
    4736012888933787792339843686288772410449823514643960039062500)*X^4 + 
    1/2107180039671*(194831485233211773041076921226026768125000000*K.1^3 + 
    19288317038087965531066615201376650044375000000*K.1^2 + 
    26886744962183224679668615129191694001250000000*K.1 - 
    26142490907610625657662595733009689227267500000000)*X^3*Z^2 + 
    1/2435900125859676*(1020339865049732527963397543105517106330393453985826113\
    28125*K.1^3 + 1158827351213131274916001899766791520481228196183280896679687\
    5*K.1^2 + 208177818370925232655657231901635670020825747958502651386718750*K\
    .1 - 7364517011442734010398852073402871328100082985586635873398437500)*X^3 +
    1/234131115519*(-1883179643414377605227628663406213237812500000*K.1^3 - 
    186434784698023382917535237677215110543437500000*K.1^2 - 
    259878790791184109521412755550057426818125000000*K.1 + 
    252685410373080282087781907109218400434108750000000)*X^2*Z^2 + 
    1/173992866132834*(-6811744179603839979877373558521274406255169573173764160\
    15625*K.1^3 - 8253630783112179689265235436334875935737485421271271183203125\
    0*K.1^2 - 2065113628200660376434953510700774933137857919358484529654296875*\
    K.1 + 27153687156662765725017701698344389704807673592576885974042968750)*X^\
    2 + 1/6321540119013*(-3473875960304878962063670983499304556025000000000*K.1\
    ^3 - 343913720070183017244303427366431151046475000000000*K.1^2 - 
    479394882522073296764786595722904028731450000000000*K.1 + 
    466125062636909335213662211073336358463300150000000000)*X*Z^2 + 
    1/335893563963*(46923278317055896747035984643062081292793366796025292968750\
    *K.1^3 + 5770995608121064510339014768597626641511339343681647304687500*K.1^\
    2 + 153406483073551775078800212844250533474915894578006207089843750*K.1 - 
    1507102795930177917655277025645507354786877389012975720957031250)*X + 
    1/903077159859*(-8761256225427071149685851313632687220918750000000*K.1^3 - 
    867364366317280043818899280049636034870956250000000*K.1^2 - 
    1209053359108935818656647481281310836486787500000000*K.1 + 
    1175586652519974029617833739294438874765526215000000000)*Z^2 + 
    1/33141498311016*(-61258521137172370237370534548238369992718228286041280224\
    609375*K.1^3 - 756830822781670337341413394663167410349287649007678165598632\
    8125*K.1^2 - 20474379005917905966400665246507071538794468772771811959880859\
    3750*K.1 + 1821799815659625847950239748063467719138597338653306202554882812\
    500)
--------------------
After resolving singularities, we get the Weierstrass equation
x^4 + 1/1109556*(-934775*K.1^3 - 120673233*K.1^2 - 3788640978*K.1 + 
    6355874660)*x^3 + 1/2496501*(-2102524905*K.1^3 - 271456369525*K.1^2 - 
    8537377464970*K.1 + 13913654284850)*x^2 + 1/89874036*(-11989980813425*K.1^3 
    - 1546292162373895*K.1^2 - 48573264110321470*K.1 + 78796041090987100)*x + 
    1/25678296*(-291484728153975*K.1^3 - 37584055075500625*K.1^2 - 
    1179897707800907650*K.1 + 1951337746931753900)
with the following rational jInvariant: -250888806400/56807829
--------------------

Total time: 2.930 seconds, Total memory usage: 32.09MB
