Magma V2.28-3     Sun Jun  7 2026 00:50:34 on lts-faculty [Seed = 1983426473]
Type ? for help.  Type <Ctrl>-D to quit.

Loading startup file "/home/faculty/bnaskrecki/magma/config/magma_config.txt"

****************************************************
****************Session log started*****************
****************************************************
Session start time: 00:50:34
Session start date: 07.06.2026
Session start seed: 1983426473
****************************************************
/home/faculty/bnaskrecki/magma/logs/session_log_2026_06_07_1983426473.txt
****************************************************
Loading file "sources/upstream/NoteOnGenus2Covers/ComplementaryMap_d3.m"
--------------------
The elliptic curve X is defined by: t^3 - 84/247*t^2 + 164/247*t - 20/247
--------------------
The genus 2 curve Y is defined by t^6 + 19/5*t^5 + 42/5*t^4 + 309/20*t^3 + 
    63/4*t^2 + 15*t + 25/4
true
--------------------
The map pi has adjusting factor: (t^3 - 4*t - 10)/(t^6 + 6*t^5 + 17*t^4 + 34*t^3
    + 46*t^2 + 40*t + 25)
--------------------
--------------------
The complementary curve is given by the following 4 equations
    in the 4 symmetric variables X=x1+x2, Y=x1*x2, Z=y1+y2, W=y1*y2:
[
    XX - 1/5*YY^2 + 4/5*YY,
    -25/4*XX^6 - 15*XX^5*YY - 95/4*XX^5 - 63/4*XX^4*YY^2 - 39/2*XX^4*YY - 
        105/2*XX^4 - 309/20*XX^3*YY^3 + 303/20*XX^3*YY^2 - 29/4*XX^3*YY - 
        1545/16*XX^3 - 42/5*XX^2*YY^4 + 429/100*XX^2*YY^3 + 789/20*XX^2*YY^2 - 
        87/4*XX^2*YY - 1575/16*XX^2 - 19/5*XX*YY^5 + 1443/100*XX*YY^4 - 
        2523/100*XX*YY^3 + 1273/80*XX*YY^2 + 855/16*XX*YY - 375/4*XX - YY^6 + 
        59/25*YY^5 + 384/25*YY^4 - 30241/400*YY^3 + 1767/16*YY^2 - 225/8*YY + 
        WW^2 - 625/16,
    -XX^6 - 19/5*XX^5 + 6*XX^4*YY - 42/5*XX^4 + 19*XX^3*YY - 309/20*XX^3 - 
        9*XX^2*YY^2 + 168/5*XX^2*YY - 63/4*XX^2 - 19*XX*YY^2 + 927/20*XX*YY - 
        15*XX + 2*YY^3 - 84/5*YY^2 + 63/2*YY + ZZ^2 - 2*WW - 25/2,
    XX^8*ZZ + 8/5*XX^7*YY*ZZ + 19/5*XX^7*ZZ + 46/25*XX^6*YY^2*ZZ - 
        23/25*XX^6*YY*ZZ + 22/5*XX^6*ZZ + 34/25*XX^5*YY^3*ZZ - 
        326/125*XX^5*YY^2*ZZ - 394/25*XX^5*YY*ZZ - 2/5*XX^5*ZZ*WW - 29/4*XX^5*ZZ
        + 17/25*XX^4*YY^4*ZZ - 504/125*XX^4*YY^3*ZZ - 913/125*XX^4*YY^2*ZZ - 
        4/25*XX^4*YY*ZZ*WW - 153/5*XX^4*YY*ZZ - 12/5*XX^4*ZZ*WW - 817/20*XX^4*ZZ
        + 6/25*XX^3*YY^5*ZZ - 357/125*XX^3*YY^4*ZZ - 748/125*XX^3*YY^3*ZZ + 
        3/5*XX^3*YY^2*ZZ + 16/25*XX^3*YY*ZZ*WW - 459/25*XX^3*YY*ZZ - 
        34/5*XX^3*ZZ*WW - 883/10*XX^3*ZZ + 1/25*XX^2*YY^6*ZZ - 
        141/125*XX^2*YY^5*ZZ - 184/125*XX^2*YY^4*ZZ + 1/25*XX^2*YY^3*ZZ*WW - 
        1309/500*XX^2*YY^3*ZZ + 12/25*XX^2*YY^2*ZZ*WW + 409/250*XX^2*YY^2*ZZ + 
        112/25*XX^2*YY*ZZ*WW + 3227/100*XX^2*YY*ZZ - 73/5*XX^2*ZZ*WW - 
        505/4*XX^2*ZZ - 41/125*XX*YY^6*ZZ - 4/125*XX*YY^5*ZZ + 
        121/100*XX*YY^4*ZZ + 6/25*XX*YY^3*ZZ*WW - 107/125*XX*YY^3*ZZ + 
        18/25*XX*YY^2*ZZ*WW - 9901/500*XX*YY^2*ZZ + 164/25*XX*YY*ZZ*WW + 
        383/5*XX*YY*ZZ - 92/5*XX*ZZ*WW - 205/2*XX*ZZ - 1/25*YY^7*ZZ - 
        7/125*YY^6*ZZ + 23/100*YY^5*ZZ - 1/25*YY^4*ZZ*WW + 31/25*YY^4*ZZ + 
        13/25*YY^3*ZZ*WW + 1663/500*YY^3*ZZ - 38/25*YY^2*ZZ*WW - 
        4347/100*YY^2*ZZ + 181/25*YY*ZZ*WW + 401/4*YY*ZZ - 12*ZZ*WW - 75*ZZ
]
--------------------
t0 = -3   x(E') = -84240/491   y(E')/s = 7849600/241081
t0 = -3/2   x(E') = -1440/7   y(E')/s = 371200/931
t0 = -2   x(E') = -27360/151   y(E')/s = 3190400/22801
t0 = -2/3   x(E') = -7520   y(E')/s = 29289600/13
t0 = -1   x(E') = -6320/19   y(E')/s = 860800/361
t0 = -1/2   x(E') = 5280/13   y(E')/s = 1702400/169
t0 = -1/3   x(E') = 47920/343   y(E')/s = 272937600/117649
t0 = 1   x(E') = -12720/101   y(E')/s = 1347200/10201
t0 = 1/2   x(E') = -8480/103   y(E')/s = 2905600/10609
t0 = 1/3   x(E') = -67120/1103   y(E')/s = 424310400/1216609
t0 = 2   x(E') = -52960/329   y(E')/s = 3241600/108241
t0 = 2/3   x(E') = -174560/1747   y(E')/s = 658627200/3052009
t0 = 3   x(E') = -141840/829   y(E')/s = 5622400/687241
t0 = 3/2   x(E') = -4320/29   y(E')/s = 678400/10933
3

Total time: 358.850 seconds, Total memory usage: 32.09MB
