--------------------
We start with the degree 5 cover 
corresponding to the point a =  7 , 
b = 1 in the moduli space provided 
by Shaska
--------------------
The elliptic curve X is defined by: 
t^3 + 1/289*(39*z - 572)*t^2 + 
    1/289*(-39*z + 283)*t
with j-invariat 8077950976/2255067
--------------------
The genus 2 curve Y is defined by 
    t^5 + 1/289*(8197*z - 25238)*t^4
    + 1/289*(168378*z + 518427)*t^3 
    + 1/289*(-177639*z - 496465)*t^2
    + 1/289*(1064*z + 2987)*t
--------------------
The map pi has adjusting factor: 
    (t^5 + (z + 16)*t^4 + (18*z - 
    3075)*t^3 + (-3039*z + 5438)*t^2
    + (-640*z + 1295)*t + (15*z - 
    30))/(t^6 + 13*t^5 + 848/15*t^4 
    + 11219/135*t^3 + 848/225*t^2 + 
    13/225*t + 1/3375)
--------------------
--------------------
The complementary curve is given by 
the following 4 equations
    in the 4 symmetric variables 
X=x1+x2, Y=x1*x2, Z=y1+y2, W=y1*y2:
[
    1/225*XX^4 + 26/45*XX^3*YY + 
        26/45*XX^3 + 851/45*XX^2*YY\
        ^2 - 33728/225*XX^2*YY + 
        851/45*XX^2 + 26/3*XX*YY^3 +
        22828/45*XX*YY^2 + 
        22828/45*XX*YY + 26/3*XX + 
        YY^4 - 141626/45*YY^3 + 
        14336251/225*YY^2 - 
        141626/45*YY + 1,
    1/289*(-1064*z - 2987)*XX^4*YY +
        1/289*(177639*z + 
        496465)*XX^3*YY^2 + 
        1/83521*(11090401*z + 
        31777866)*XX^3*YY + 
        1/289*(-168378*z - 
        518427)*XX^2*YY^3 + 
        1/83521*(-1868606376*z - 
        5245796283)*XX^2*YY^2 + 
        1/83521*(-875397222*z - 
        2444312409)*XX^2*YY + 
        1/289*(-8197*z + 
        25238)*XX*YY^4 + 
        1/83521*(1226159298*z + 
        5752653141)*XX*YY^3 + 
        1/83521*(145742866878*z + 
        406838024667)*XX*YY^2 + 
        1/83521*(869838557*z + 
        2427980435)*XX*YY - YY^5 + 
        1/83521*(578265065*z - 
        673259883)*YY^4 + 
        1/4913*(-8381952600*z - 
        23530913925)*YY^3 + 
        1/83521*(-143076683505*z - 
        399366943012)*YY^2 + 
        1/83521*(-5224240*z - 
        14582649)*YY + WW^2,
    -XX^5 + 1/289*(-8197*z + 
        25238)*XX^4 + 5*XX^3*YY + 
        1/289*(-168378*z - 
        518427)*XX^3 + 
        1/289*(32788*z - 
        100952)*XX^2*YY + 
        1/289*(177639*z + 
        496465)*XX^2 - 5*XX*YY^2 + 
        1/289*(505134*z + 
        1555281)*XX*YY + 
        1/289*(-1064*z - 2987)*XX + 
        1/289*(-16394*z + 
        50476)*YY^2 + 1/289*(-35527\
        8*z - 992930)*YY + ZZ^2 - 
        2*WW,
    XX^9*ZZ + 195*XX^8*YY*ZZ + 
        1/289*(8486*z - 
        20614)*XX^8*ZZ + 
        12720*XX^7*YY^2*ZZ + 
        1/289*(1654770*z - 
        4022042)*XX^7*YY*ZZ + 
        1/289*(271297*z - 
        733071)*XX^7*ZZ + 
        280475*XX^6*YY^3*ZZ + 
        1/289*(107941920*z - 
        262604565)*XX^6*YY^2*ZZ + 
        1/289*(52843513*z - 
        142804547)*XX^6*YY*ZZ + 
        1/289*(-23819418*z + 
        88556419)*XX^6*ZZ + 
        190800*XX^5*YY^4*ZZ + 
        1/289*(2380110850*z - 
        5803768130)*XX^5*YY^3*ZZ + 
        1/289*(3440969220*z - 
        9300538671)*XX^5*YY^2*ZZ + 
        1/289*(-4646414292*z + 
        17272900131)*XX^5*YY*ZZ + 
        (50625*z - 101250)*XX^5*ZZ*\
        WW + 1/289*(-368622163*z - 
        1849261057)*XX^5*ZZ + 
        43875*XX^4*YY^5*ZZ + 
        1/289*(1619128800*z - 
        4338437575)*XX^4*YY^4*ZZ + 
        1/289*(75552316475*z - 
        204296193000)*XX^4*YY^3*ZZ +
        1/289*(-303247384245*z + 
        1127152084695)*XX^4*YY^2*ZZ 
        + (-2160000*z + 
        4370625)*XX^4*YY*ZZ*WW + 
        1/289*(-71751846570*z - 
        361015579460)*XX^4*YY*ZZ + 
        (658125*z - 1316251)*XX^4*Z\
        Z*WW + 1/289*(424378507*z + 
        1712475513)*XX^4*ZZ + 
        3375*XX^3*YY^6*ZZ + 
        1/289*(372323250*z - 
        1125004050)*XX^3*YY^5*ZZ + 
        1/289*(42243024200*z - 
        116706339400)*XX^3*YY^4*ZZ +
        1/289*(-6694538307210*z + 
        24875120068425)*XX^3*YY^3*Z\
        Z + (-10256625*z + 
        18353250)*XX^3*YY^2*ZZ*WW + 
        1/289*(-4672634101850*z - 
        23598548048820)*XX^3*YY^2*Z\
        Z + (-28282500*z + 
        57222930)*XX^3*YY*ZZ*WW + 
        1/289*(84363213142*z + 
        341760183013)*XX^3*YY*ZZ + 
        (2861999*z - 5724016)*XX^3*\
        ZZ*WW + 1/289*(-7055139*z + 
        124283950)*XX^3*ZZ + 
        1/289*(28640250*z - 
        107611875)*XX^2*YY^6*ZZ + 
        1/289*(7045769475*z - 
        19877692875)*XX^2*YY^5*ZZ + 
        1/289*(-4772373381105*z + 
        17511815187345)*XX^2*YY^4*Z\
        Z + (60750*z - 
        10378125)*XX^2*YY^3*ZZ*WW + 
        1/289*(-102392782875790*z - 
        521790690117670)*XX^2*YY^3*\
        ZZ + (-126856125*z + 
        225467655)*XX^2*YY^2*ZZ*WW +
        1/289*(5583117906012*z + 
        22775679394719)*XX^2*YY^2*Z\
        Z + (-124086570*z + 
        251031633)*XX^2*YY*ZZ*WW + 
        1/289*(-2062177626*z + 
        20969691711)*XX^2*YY*ZZ + 
        (4207107*z - 8411175)*XX^2*\
        ZZ*WW + 1/289*(-25852435*z -
        77326009)*XX^2*ZZ - 
        6750*XX*YY^7*ZZ + 
        1/289*(170980875*z - 
        499812525)*XX*YY^6*ZZ + 
        1/289*(-1141463567400*z + 
        4147792937955)*XX*YY^5*ZZ + 
        (3375*z + 54000)*XX*YY^4*ZZ\
        *WW + 1/289*(-5693744900473\
        5*z - 402962149153895)*XX*Y\
        Y^4*ZZ + (21303000*z - 
        171902600)*XX*YY^3*ZZ*WW + 
        1/289*(129530333813452*z + 
        530809990013529)*XX*YY^3*ZZ 
        + (-523542045*z + 
        923427270)*XX*YY^2*ZZ*WW + 
        1/289*(-389028435549*z + 
        518456171259)*XX*YY^2*ZZ + 
        (-185231508*z + 
        375262782)*XX*YY*ZZ*WW + 
        1/289*(-4164653922*z - 
        12575679905)*XX*YY*ZZ + 
        (193839*z - 387038)*XX*ZZ*W\
        W + 1/17*(40820*z + 
        119670)*XX*ZZ + 
        1/289*(-28640250*z + 
        82252125)*YY^7*ZZ + 
        1/289*(-90674562825*z + 
        327027195775)*YY^6*ZZ + 
        3375*YY^5*ZZ*WW + 
        1/289*(-12984845824195*z - 
        104017844299740)*YY^5*ZZ + 
        (-16875*z + 10889325)*YY^4*\
        ZZ*WW + 1/289*(184279976667\
        136*z + 840824469833761)*YY\
        ^4*ZZ + (134330050*z - 
        825406505)*YY^3*ZZ*WW + 
        1/289*(-2485640628807*z + 
        27558252375556)*YY^3*ZZ + 
        (-729822165*z + 
        1315937919)*YY^2*ZZ*WW + 
        1/289*(-522262374088*z - 
        1578577012467)*YY^2*ZZ + 
        (-11755302*z + 
        23823165)*YY*ZZ*WW + 
        1/17*(11781455*z + 
        35224427)*YY*ZZ + (3565*z - 
        7145)*ZZ*WW + 1/289*(-3075*\
        z - 9810)*ZZ
]
--------------------
Time: 2.020
Time: 0.110
The second equation is linear in W, 
we use it to remove the varibale W,
    we get 3 equations in 3 
variables X, Y, Z.

The firts equation defines a 
SINGULAR genus 0 curve:
1/225*X^4 + 26/45*X^3*Y + 26/45*X^3 
    + 851/45*X^2*Y^2 - 
    33728/225*X^2*Y + 851/45*X^2 + 
    26/3*X*Y^3 + 22828/45*X*Y^2 + 
    22828/45*X*Y + 26/3*X + Y^4 - 
    141626/45*Y^3 + 14336251/225*Y^\
    2 - 141626/45*Y + 1
--------------------
Time: 0.000
Time: 0.000
Time: 0.000
Time: 0.070
Time: 0.080
We find a rational non-singular 
point over a small field extension,
        and use it to determine a 
parametrisation of the P1 component.

    We substitute the 
parametrisation in the remaining two
equations,
        each of which defines a 
REDUCIBLE cover of the base P1.

    These  twocovers have exactly 
one component in common,
        which is the degree 2 cover 
defined by the following equation:
X^20*Z^2 + 1/10693*(-605695650*K.1^\
    3 - 31941956424*K.1^2 - 
    42584212419*K.1 + 
    146421868635)*X^20 + 
    1/32634*(325*K.1^3 + 32175*K.1^2
    + 44850*K.1 - 30218800)*X^19*Z^\
    2 + 1/21386*(1680853221015*K.1^\
    3 + 91227976419135*K.1^2 + 
    121988601687660*K.1 - 
    418435200900720)*X^19 + 
    1/10878*(-14275*K.1^3 - 
    1413225*K.1^2 - 1969950*K.1 + 
    2392991050)*X^18*Z^2 + 
    1/339524136*(-14996891206195147\
    275*K.1^3 - 8080840658181238764\
    65*K.1^2 - 10752853407509906615\
    90*K.1 + 3720155897546771862100\
    )*X^18 + 1/881118*(-293201375*K\
    .1^3 - 29026936125*K.1^2 - 
    40461789750*K.1 + 
    36280916313500)*X^17*Z^2 + 
    1/381964653*(500089913342061299\
    1150*K.1^3 + 255288654212557085\
    792225*K.1^2 + 3511765932924212\
    62474925*K.1 - 1127003095125811\
    127870500)*X^17 + 
    1/7930062*(1292515947875*K.1^3 +
    127959078839625*K.1^2 + 
    178367200806750*K.1 - 
    180398373701471000)*X^16*Z^2 + 
    1/6875363754*(-1412866851375721\
    6970857375*K.1^3 - 
    579384944329263517689573650*K.1\
    ^2 - 62628953526268158909062427\
    5*K.1 + 33136881890110041960028\
    01000)*X^16 + 1/11895093*(-2168\
    6339584375*K.1^3 - 
    2146947618853125*K.1^2 - 
    2992714862643750*K.1 + 
    2842756029885565000)*X^15*Z^2 + 
    1/3344771556*(28523505420995346\
    7985957625*K.1^3 - 
    15657522471947695189310912125*K\
    .1^2 - 824161402291635872310110\
    44750*K.1 + 6396985589474983123\
    8122352500)*X^15 + 
    1/321167511*(-23008879445661518\
    75*K.1^3 - 22778790651204903562\
    5*K.1^2 - 317522536350128958750\
    *K.1 + 311068755830735882701250\
    )*X^14*Z^2 + 1/2227617856296*(6\
    4109605136156258498352096924375\
    *K.1^3 + 7222446764317117911600\
    722026356625*K.1^2 - 
    1848949155943323825491311165359\
    2750*K.1 - 99677685619128039204\
    758788661712500)*X^14 + 
    1/2890507599*(12825524218124284\
    90625*K.1^3 + 12697268975943042\
    0571875*K.1^2 + 176992234210115\
    131706250*K.1 - 171488954647681\
    673479887500)*X^13*Z^2 + 
    1/358010012619*(-23080155657458\
    58714515583162166250*K.1^3 - 
    1848412362679573956271583720019\
    64375*K.1^2 + 19521851924819172\
    46881233337151728125*K.1 + 
    1738191498900546141598281431409\
    493750)*X^13 + 1/8671522797*(16\
    47007648949735092990625*K.1^3 + 
    163053757246023774206071875*K.1\
    ^2 + 22728705555506344283270625\
    0*K.1 - 22131930745873617139626\
    2721875)*X^12*Z^2 + 
    1/20048560706664*(3065948231213\
    1374869921909994269653125*K.1^3 
    + 31311574034195753617912258111\
    84103806875*K.1^2 + 
    5159947783751427262820191808881\
    5736278750*K.1 + 
    4390854447713082013740747517643\
    1237737500)*X^12 + 
    1/1404786693114*(-2007927539090\
    3531190534734375*K.1^3 - 
    1987848263699449587862938703125\
    *K.1^2 - 2770940003944687304293\
    793343750*K.1 + 269241108270545\
    1971085840167000000)*X^11*Z^2 + 
    1/4296120151428*(-1880684048176\
    953532777002845818899390625*K.1\
    ^3 - 23212349521708842940069073\
    2777470567321875*K.1^2 - 
    6790886109510260567139672082639\
    624355506250*K.1 - 
    3298741783651444101635344881424\
    596776087500)*X^11 + 
    1/12643080238026*(-452665854982\
    92306377328114953125*K.1^3 - 
    4481391964330938331355483380359\
    375*K.1^2 - 6246788798764338280\
    071279863531250*K.1 + 
    6075612518883411434295780681037\
    543750)*X^10*Z^2 + 
    1/180437046359976*(379831778985\
    5531204852477903402351718484375\
    *K.1^3 + 4856280246915568159621\
    48651983115681165140625*K.1^2 + 
    1533991143769258492844139533428\
    1329374333531250*K.1 + 
    5952223411338998698684620940941\
    4319392431562500)*X^10 + 
    1/12643080238026*(2938031700595\
    917742145667323359375*K.1^3 + 
    2908651383589958564724210650125\
    78125*K.1^2 + 40544837468223664\
    8416102090623593750*K.1 - 
    3941730651192475420491666053013\
    74687500)*X^9*Z^2 + 
    1/67663892384991*(1613293714625\
    2234887929895193580907619530625\
    00*K.1^3 + 20837347860781657284\
    4101855590740044709246390625*K.\
    1^2 + 6593320167172675971995109\
    162444691770742953734375*K.1 - 
    9596844856156274643849661623539\
    670857133577156250)*X^9 + 
    1/1404786693114*(70701984073461\
    241228853543491328125*K.1^3 + 
    6999496423272662881656500805641\
    484375*K.1^2 + 9756873802137651\
    289581789001803281250*K.1 - 
    9487333773014179595422480689743\
    077187500)*X^8*Z^2 + 
    1/541311139079928*(-33317154373\
    4330156050899427653230511846172\
    8359375*K.1^3 - 429941966895600\
    6616541137676599843846768043123\
    90625*K.1^2 - 13544761015933434\
    9628328706698770385675631915509\
    06250*K.1 + 2045247409750541069\
    9012768512686012863171213775312\
    500)*X^8 + 1/2107180039671*(-40\
    1045236061106296576924964438437\
    5000*K.1^3 - 397034783700495233\
    611155714794053125000*K.1^2 - 
    5534424257643266892761564509250\
    43750000*K.1 + 5381088112287398\
    75332478089900058762500000)*X^7\
    *Z^2 + 1/2435900125859676*(1151\
    5694679901957813099749344565274\
    94822000814765625*K.1^3 + 
    1458539398830344687991304015513\
    58697904311722383671875*K.1^2 + 
    4320791290634961669996461155126\
    092275420229550954531250*K.1 - 
    1879426534252367019872197077157\
    1530279146043914935937500)*X^7 +
    1/2107180039671*(-1065025799043\
    553218291961302714785937500*K.1\
    ^3 - 10543755410531176861090416\
    8968763807812500*K.1^2 - 
    1469735602680103441242906597746\
    40459375000*K.1 + 
    1429068843992600585222677406109\
    18143168750000)*X^6*Z^2 + 
    1/4871800251719352*(14207856133\
    9733668492716501721260359727964\
    389454296875*K.1^3 + 
    2033054712378110132257714930918\
    3862944340291931235078125*K.1^2 
    + 83707152843447904454122550557\
    3464767974661775101615156250*K.\
    1 + 757392896748222959817872717\
    7888120690366266783551792187500\
    )*X^6 + 1/702393346557*(1424790\
    5030203893676465053002285937500\
    00*K.1^3 + 14105425979901854739\
    7004024722630781250000*K.1^2 + 
    1966210894168137327352177314315\
    45937500000*K.1 - 
    1911772843085706627708334357405\
    45534625000000)*X^5*Z^2 + 
    1/608975031464919*(-40213509563\
    8545634146199927073508242013880\
    7208805468750*K.1^3 - 
    5648390353503175719186684022579\
    01491486812062020016015625*K.1^\
    2 - 223177548119971475729049621\
    1139448456779741146991951132812\
    5*K.1 - 16972965166219083747232\
    1189419816878060600154820566449\
    218750)*X^5 + 1/2107180039671*(\
    6619870248535626211688312214188\
    426687500000*K.1^3 + 
    6553671546050269949571429092046\
    54242062500000*K.1^2 + 
    9135420942979164172129870855580\
    02882875000000*K.1 - 
    8882570271517139165443751315070\
    34972145500000000)*X^4*Z^2 + 
    1/131670277073496*(178557764263\
    6035910048858956698063575310137\
    1389501953125*K.1^3 + 
    3444004734556747412344534239597\
    238366250414596979098046875*K.1\
    ^2 + 22127708307214642084595031\
    7114917958222194446192858971093\
    750*K.1 + 473601288893378779233\
    9843686288772410449823514643960\
    039062500)*X^4 + 
    1/2107180039671*(19483148523321\
    1773041076921226026768125000000\
    *K.1^3 + 1928831703808796553106\
    6615201376650044375000000*K.1^2 
    + 26886744962183224679668615129\
    191694001250000000*K.1 - 
    2614249090761062565766259573300\
    9689227267500000000)*X^3*Z^2 + 
    1/2435900125859676*(10203398650\
    4973252796339754310551710633039\
    345398582611328125*K.1^3 + 
    1158827351213131274916001899766\
    7915204812281961832808966796875\
    *K.1^2 + 2081778183709252326556\
    5723190163567002082574795850265\
    1386718750*K.1 - 
    7364517011442734010398852073402\
    8713281000829855866358733984375\
    00)*X^3 + 1/234131115519*(-1883\
    1796434143776052276286634062132\
    37812500000*K.1^3 - 
    1864347846980233829175352376772\
    15110543437500000*K.1^2 - 
    2598787907911841095214127555500\
    57426818125000000*K.1 + 
    2526854103730802820877819071092\
    18400434108750000000)*X^2*Z^2 + 
    1/173992866132834*(-68117441796\
    0383997987737355852127440625516\
    957317376416015625*K.1^3 - 
    8253630783112179689265235436334\
    8759357374854212712711832031250\
    *K.1^2 - 2065113628200660376434\
    9535107007749331378579193584845\
    29654296875*K.1 + 
    2715368715666276572501770169834\
    4389704807673592576885974042968\
    750)*X^2 + 1/6321540119013*(-34\
    7387596030487896206367098349930\
    4556025000000000*K.1^3 - 
    3439137200701830172443034273664\
    31151046475000000000*K.1^2 - 
    4793948825220732967647865957229\
    04028731450000000000*K.1 + 
    4661250626369093352136622110733\
    36358463300150000000000)*X*Z^2 +
    1/335893563963*(469232783170558\
    9674703598464306208129279336679\
    6025292968750*K.1^3 + 
    5770995608121064510339014768597\
    626641511339343681647304687500*\
    K.1^2 + 15340648307355177507880\
    0212844250533474915894578006207\
    089843750*K.1 - 150710279593017\
    7917655277025645507354786877389\
    012975720957031250)*X + 
    1/903077159859*(-87612562254270\
    7114968585131363268722091875000\
    0000*K.1^3 - 867364366317280043\
    8188992800496360348709562500000\
    00*K.1^2 - 12090533591089358186\
    5664748128131083648678750000000\
    0*K.1 + 11755866525199740296178\
    3373929443887476552621500000000\
    0)*Z^2 + 1/33141498311016*(-612\
    5852113717237023737053454823836\
    9992718228286041280224609375*K.\
    1^3 - 7568308227816703373414133\
    9466316741034928764900767816559\
    86328125*K.1^2 - 
    2047437900591790596640066524650\
    7071538794468772771811959880859\
    3750*K.1 + 18217998156596258479\
    5023974806346771913859733865330\
    6202554882812500)
--------------------
After resolving singularities, we 
get the Weierstrass equation
x^4 + 1/1109556*(-934775*K.1^3 - 
    120673233*K.1^2 - 3788640978*K.1
    + 6355874660)*x^3 + 
    1/2496501*(-2102524905*K.1^3 - 
    271456369525*K.1^2 - 
    8537377464970*K.1 + 
    13913654284850)*x^2 + 
    1/89874036*(-11989980813425*K.1\
    ^3 - 1546292162373895*K.1^2 - 
    48573264110321470*K.1 + 
    78796041090987100)*x + 
    1/25678296*(-291484728153975*K.\
    1^3 - 37584055075500625*K.1^2 - 
    1179897707800907650*K.1 + 
    1951337746931753900)
with the following rational 
jInvariant: -250888806400/56807829
--------------------

Total time: 3.250 seconds, Total 
memory usage: 194.34MB
